cc -O2 -o selfhost/seed/sxc_seed_min selfhost/seed/sxc_seed_min.c
[OK] seed-min
[OK] restore-compiler (checked-in source verified; no base64/gzip used)
[seed-min] compiler_min.sa -> gen1_min.c
./selfhost/seed/sxc_seed_min selfhost/compiler_min.sa > selfhost/gen1_min.c
cc -O2 -o selfhost/gen1_min selfhost/gen1_min.c
[OK] gen1_min via seed-min
./selfhost/gen1_min selfhost/seed_tests/sm_wh.sa selfhost/seed_tests/sm_wh.c >/dev/null
cc -O2 -o selfhost/seed_tests/sm_wh selfhost/seed_tests/sm_wh.c
=== SEED-MIN-GEN1-OK ===
[2] gen1_min -> gen2.c
./selfhost/gen1_min selfhost/compiler_min.sa selfhost/gen2.c >/dev/null
cc -O2 -o selfhost/gen2 selfhost/gen2.c
make[1]: Entering directory '/home/user/sayanox'
./selfhost/gen2 selfhost/seed_tests/ts_re.sa selfhost/seed_tests/ts_re.c >/dev/null
cc -O2 -o selfhost/seed_tests/ts_re selfhost/seed_tests/ts_re.c
[OK] gen2 reassign
./selfhost/gen2 selfhost/seed_tests/ts_wh.sa selfhost/seed_tests/ts_wh.c >/dev/null
cc -O2 -o selfhost/seed_tests/ts_wh selfhost/seed_tests/ts_wh.c
[OK] gen2 while
./selfhost/gen2 selfhost/seed_tests/ts_wn.sa selfhost/seed_tests/ts_wn.c >/dev/null
cc -O2 -o selfhost/seed_tests/ts_wn selfhost/seed_tests/ts_wn.c
[OK] gen2 when
./selfhost/gen2 selfhost/seed_tests/ts_mod.sa selfhost/seed_tests/ts_mod.c >/dev/null
cc -O2 -o selfhost/seed_tests/ts_mod selfhost/seed_tests/ts_mod.c
[OK] gen2 modulo + else
./selfhost/gen2 selfhost/seed_tests/ts_st2.sa selfhost/seed_tests/ts_st2.c >/dev/null
cc -O2 -o selfhost/seed_tests/ts_st2 selfhost/seed_tests/ts_st2.c
[OK] gen2 structs: named fields, two structs, field expr
./selfhost/gen2 selfhost/seed_tests/ts_li2.sa selfhost/seed_tests/ts_li2.c >/dev/null
cc -O2 -o selfhost/seed_tests/ts_li2 selfhost/seed_tests/ts_li2.c
./selfhost/gen2 selfhost/seed_tests/ts_li3.sa selfhost/seed_tests/ts_li3.c >/dev/null
cc -O2 -o selfhost/seed_tests/ts_li3 selfhost/seed_tests/ts_li3.c
./selfhost/gen2 selfhost/seed_tests/ts_li4.sa selfhost/seed_tests/ts_li4.c >/dev/null
cc -O2 -o selfhost/seed_tests/ts_li4 selfhost/seed_tests/ts_li4.c
./selfhost/gen2 selfhost/seed_tests/ts_li5.sa selfhost/seed_tests/ts_li5.c >/dev/null
[OK] gen2 lists: literal, index, len, push, guards
./selfhost/gen2 selfhost/seed_tests/ts_use.sa selfhost/seed_tests/ts_use.c >/dev/null
cc -O2 -o selfhost/seed_tests/ts_use selfhost/seed_tests/ts_use.c
./selfhost/gen2 selfhost/seed_tests/ts_top.sa selfhost/seed_tests/ts_top.c >/dev/null
cc -O2 -o selfhost/seed_tests/ts_top selfhost/seed_tests/ts_top.c
./selfhost/gen2 selfhost/seed_tests/ts_uq.sa selfhost/seed_tests/ts_uq.c >/dev/null
[OK] gen2 use: splice, nested depth 2, missing file and unquoted path are hard errors
./selfhost/gen2 selfhost/seed_tests/ts_fn2.sa selfhost/seed_tests/ts_fn2.c >/dev/null
cc -O2 -o selfhost/seed_tests/ts_fn2 selfhost/seed_tests/ts_fn2.c
./selfhost/gen2 selfhost/seed_tests/ts_fn3.sa selfhost/seed_tests/ts_fn3.c >/dev/null
[OK] gen2 functions: params, calls in show, recursion (fac 5 = 120), one-line give rejected
./selfhost/seed/sxc_seed_min selfhost/seed_tests/ts_chain.sa > selfhost/seed_tests/ts_chain_sm.c
cc -O2 -o selfhost/seed_tests/ts_chain_sm selfhost/seed_tests/ts_chain_sm.c
./selfhost/gen2 selfhost/seed_tests/ts_chain.sa selfhost/seed_tests/ts_chain_g2.c >/dev/null
cc -O2 -o selfhost/seed_tests/ts_chain_g2 selfhost/seed_tests/ts_chain_g2.c
[OK] gen2 chained + - * / % (and string + name) agree with seed-min
./selfhost/gen2 selfhost/seed_tests/ts_cm.sa selfhost/seed_tests/ts_cm.c >/dev/null
cc -O2 -o selfhost/seed_tests/ts_cm selfhost/seed_tests/ts_cm.c
[OK] gen2 while/when condition % long-cast rewrite
./selfhost/seed/sxc_seed_min selfhost/seed_tests/ts_user.sa > selfhost/seed_tests/ts_user_sm.c
cc -O2 -o selfhost/seed_tests/ts_user_sm selfhost/seed_tests/ts_user_sm.c
./selfhost/gen2 selfhost/seed_tests/ts_user.sa selfhost/seed_tests/ts_user_g2.c >/dev/null
cc -O2 -o selfhost/seed_tests/ts_user_g2 selfhost/seed_tests/ts_user_g2.c
./selfhost/seed/sxc_seed_min selfhost/seed_tests/ts_part.sa > selfhost/seed_tests/ts_part_sm.c
cc -O2 -o selfhost/seed_tests/ts_part_sm selfhost/seed_tests/ts_part_sm.c
[OK] struct string fields (User name/age): seed-min and gen2 agree; mismatches rejected
./selfhost/seed/sxc_seed_min selfhost/seed_tests/ts_nest.sa > selfhost/seed_tests/ts_nest_sm.c
cc -O2 -o selfhost/seed_tests/ts_nest_sm selfhost/seed_tests/ts_nest_sm.c
./selfhost/gen2 selfhost/seed_tests/ts_nest.sa selfhost/seed_tests/ts_nest_g2.c >/dev/null
cc -O2 -o selfhost/seed_tests/ts_nest_g2 selfhost/seed_tests/ts_nest_g2.c
./selfhost/seed/sxc_seed_min selfhost/seed_tests/ts_nest3.sa > selfhost/seed_tests/ts_nest3_sm.c
cc -O2 -o selfhost/seed_tests/ts_nest3_sm selfhost/seed_tests/ts_nest3_sm.c
./selfhost/gen2 selfhost/seed_tests/ts_nest3.sa selfhost/seed_tests/ts_nest3_g2.c >/dev/null
cc -O2 -o selfhost/seed_tests/ts_nest3_g2 selfhost/seed_tests/ts_nest3_g2.c
./selfhost/seed/sxc_seed_min selfhost/seed_tests/ts_nestcopy.sa > selfhost/seed_tests/ts_nestcopy_sm.c
cc -O2 -o selfhost/seed_tests/ts_nestcopy_sm selfhost/seed_tests/ts_nestcopy_sm.c
./selfhost/gen2 selfhost/seed_tests/ts_nestcopy.sa selfhost/seed_tests/ts_nestcopy_g2.c >/dev/null
cc -O2 -o selfhost/seed_tests/ts_nestcopy_g2 selfhost/seed_tests/ts_nestcopy_g2.c
[OK] doubly nested field copy (hold p2 = t.q.p): seed-min and gen2 agree; bad chains still hard errors
[OK] nested structs in seed-min and gen2 (output parity, 3-level deep, ordered struct-typed fields, typed copies incl. doubly nested); clear errors for forward decls, list fields, bad chains, show-of-struct
./selfhost/seed/sxc_seed_min selfhost/seed_tests/par.sa > selfhost/seed_tests/par_sm.c
cc -O2 -o selfhost/seed_tests/par_sm selfhost/seed_tests/par_sm.c
./selfhost/gen2 selfhost/seed_tests/par.sa selfhost/seed_tests/par_g2.c >/dev/null
cc -O2 -o selfhost/seed_tests/par_g2 selfhost/seed_tests/par_g2.c
[OK] seed-min and gen2 agree on the shared dialect
=== TEST-PARITY-OK ===
make[1]: Leaving directory '/home/user/sayanox'
make[1]: Entering directory '/home/user/sayanox'
./selfhost/gen2 selfhost/compiler_boot.sa selfhost/boot_from_gen2.c >/dev/null
cc -O2 -o selfhost/boot_from_gen2 selfhost/boot_from_gen2.c
./selfhost/boot_from_gen2 selfhost/seed_tests/ts_re.sa selfhost/seed_tests/ts_re_b.c >/dev/null
cc -O2 -o selfhost/seed_tests/ts_re_b selfhost/seed_tests/ts_re_b.c
[OK] boot_from_gen2 reassign
make[1]: Leaving directory '/home/user/sayanox'
=== TRUE-SELFHOST-MIN-OK ===
